// Jest Snapshot v1, https://goo.gl/fbAQLP

exports[`renders homepage unchanged 1`] = `
<div>
  <div
    class="bp3-dark container"
  >
    <div
      class="bp3-navbar"
    >
      <div
        class="bp3-navbar-group"
      >
        <div
          class="bp3-navbar-heading"
        >
          Table Filter Builder
        </div>
      </div>
    </div>
    <main>
      <div>
        <h1>
          Hello 
          Chris
           
          Bieganek
          !
        </h1>
      </div>
      <div>
        <h2>
          Filter Builder
        </h2>
        <div
          class="bp3-html-select"
        >
          <select>
            <option>
              Choose a field...
            </option>
            <option
              value="First Name"
            >
              First Name
            </option>
            <option
              value="Last Name"
            >
              Last Name
            </option>
            <option
              value="Age"
            >
              Age
            </option>
          </select>
          <span
            class="bp3-icon bp3-icon-double-caret-vertical"
            icon="double-caret-vertical"
          >
            <svg
              data-icon="double-caret-vertical"
              height="16"
              viewBox="0 0 16 16"
              width="16"
            >
              <desc>
                Open dropdown
              </desc>
              <path
                d="M5 7h6a1.003 1.003 0 00.71-1.71l-3-3C8.53 2.11 8.28 2 8 2s-.53.11-.71.29l-3 3A1.003 1.003 0 005 7zm6 2H5a1.003 1.003 0 00-.71 1.71l3 3c.18.18.43.29.71.29s.53-.11.71-.29l3-3A1.003 1.003 0 0011 9z"
                fill-rule="evenodd"
              />
            </svg>
          </span>
        </div>
        <div>
          Selected field name: 
          
        </div>
        <div
          class="bp3-html-select"
        >
          <select>
            <option>
              Choose a comparison...
            </option>
            <option
              value=">"
            >
              &gt;
            </option>
            <option
              value=">="
            >
              &gt;=
            </option>
            <option
              value="="
            >
              =
            </option>
            <option
              value="<="
            >
              &lt;=
            </option>
            <option
              value="<"
            >
              &lt;
            </option>
          </select>
          <span
            class="bp3-icon bp3-icon-double-caret-vertical"
            icon="double-caret-vertical"
          >
            <svg
              data-icon="double-caret-vertical"
              height="16"
              viewBox="0 0 16 16"
              width="16"
            >
              <desc>
                Open dropdown
              </desc>
              <path
                d="M5 7h6a1.003 1.003 0 00.71-1.71l-3-3C8.53 2.11 8.28 2 8 2s-.53.11-.71.29l-3 3A1.003 1.003 0 005 7zm6 2H5a1.003 1.003 0 00-.71 1.71l3 3c.18.18.43.29.71.29s.53-.11.71-.29l3-3A1.003 1.003 0 0011 9z"
                fill-rule="evenodd"
              />
            </svg>
          </span>
        </div>
        <div>
          Selected comparison: 
          
        </div>
      </div>
    </main>
    <footer
      class="footer"
    >
      Footer
    </footer>
  </div>
</div>
`;
